---
source: crates/hdx_proc_macro/src/test.rs
expression: pretty
---
#[derive(Debug, Clone, PartialEq, Eq, PartialOrd, Ord, Hash)]
#[cfg_attr(feature = "serde", derive(serde::Serialize), serde())]
enum Foo {
    Black(::hdx_parser::T![Ident]),
    White(::hdx_parser::T![Ident]),
    LineThrough(::hdx_parser::T![Ident]),
    Pink(::hdx_parser::T![Ident]),
}
#[automatically_derived]
impl<'a> ::hdx_parser::Peek<'a> for Foo {
    fn peek(p: &::hdx_parser::Parser<'a>) -> bool {
        use ::hdx_parser::Peek;
        p.peek::<::hdx_parser::T![Ident]>()
    }
}
#[automatically_derived]
impl<'a> ::hdx_parser::Parse<'a> for Foo {
    fn parse(p: &mut ::hdx_parser::Parser<'a>) -> ::hdx_parser::Result<Self> {
        use ::hdx_parser::Parse;
        if p.peek::<::hdx_parser::T![Ident]>() {
            let c = p.peek_n(1);
            match p.parse_atom_lower(c) {
                ::hdx_atom::atom!("black") => {
                    return Ok(Self::Black(p.parse::<::hdx_parser::T![Ident]>()?));
                }
                ::hdx_atom::atom!("white") => {
                    return Ok(Self::White(p.parse::<::hdx_parser::T![Ident]>()?));
                }
                ::hdx_atom::atom!("line-through") => {
                    return Ok(Self::LineThrough(p.parse::<::hdx_parser::T![Ident]>()?));
                }
                ::hdx_atom::atom!("pink") => {
                    return Ok(Self::Pink(p.parse::<::hdx_parser::T![Ident]>()?));
                }
                atom => Err(::hdx_parser::diagnostics::UnexpectedIdent(atom, c.into()))?,
            }
        }
        let c: ::hdx_lexer::Cursor = p.parse::<::hdx_parser::T![Any]>()?.into();
        Err(::hdx_parser::diagnostics::Unexpected(c.into(), c.into()))?
    }
}
#[automatically_derived]
impl ::hdx_parser::ToCursors for Foo {
    fn to_cursors(&self, s: &mut impl ::hdx_parser::CursorSink) {
        match self {
            Self::Black(inner) => {
                s.append(inner.into());
            }
            Self::White(inner) => {
                s.append(inner.into());
            }
            Self::LineThrough(inner) => {
                s.append(inner.into());
            }
            Self::Pink(inner) => {
                s.append(inner.into());
            }
        }
    }
}
