---
source: crates/hdx_proc_macro/src/test.rs
expression: pretty
---
#[derive(Debug, Clone, PartialEq, Eq, PartialOrd, Ord, Hash)]
#[cfg_attr(feature = "serde", derive(serde::Serialize), serde())]
enum Foo {
    Length(types::Length),
    LineThrough(::hdx_parser::T![Ident]),
}
#[automatically_derived]
impl<'a> ::hdx_parser::Peek<'a> for Foo {
    fn peek(p: &::hdx_parser::Parser<'a>) -> bool {
        use ::hdx_parser::Peek;
        p.peek::<types::Length>() || p.peek::<::hdx_parser::T![Ident]>()
    }
}
#[automatically_derived]
impl<'a> ::hdx_parser::Parse<'a> for Foo {
    fn parse(p: &mut ::hdx_parser::Parser<'a>) -> ::hdx_parser::Result<Self> {
        use ::hdx_parser::Parse;
        if p.peek::<::hdx_parser::T![Ident]>() {
            let c = p.peek_n(1);
            match p.parse_atom_lower(c) {
                ::hdx_atom::atom!("line-through") => {
                    return Ok(Self::LineThrough(p.parse::<::hdx_parser::T![Ident]>()?));
                }
                atom => {}
            }
        }
        let start = p.offset();
        let val = p.parse::<types::Length>()?;
        let valf32: f32 = val.into();
        if 1f32 > valf32 {
            return Err(
                ::hdx_parser::diagnostics::NumberTooSmall(
                    1f32,
                    ::hdx_lexer::Span::new(start, p.offset()),
                ),
            )?;
        }
        Ok(Self::Length(val))
    }
}
#[automatically_derived]
impl ::hdx_parser::ToCursors for Foo {
    fn to_cursors(&self, s: &mut impl ::hdx_parser::CursorSink) {
        match self {
            Self::Length(inner) => {
                ::hdx_parser::ToCursors::to_cursors(inner, s);
            }
            Self::LineThrough(inner) => {
                s.append(inner.into());
            }
        }
    }
}
