---
source: crates/hdx_proc_macro/src/test.rs
expression: pretty
---
#[derive(Debug, Clone, PartialEq, Eq, PartialOrd, Ord, Hash)]
#[cfg_attr(feature = "serde", derive(serde::Serialize), serde())]
enum Foo {
    None(::hdx_parser::T![Ident]),
    CustomIdent(::hdx_parser::T![Ident]),
}
#[automatically_derived]
impl<'a> ::hdx_parser::Peek<'a> for Foo {
    fn peek(p: &::hdx_parser::Parser<'a>) -> bool {
        use ::hdx_parser::Peek;
        p.peek::<::hdx_parser::T![Ident]>()
    }
}
#[automatically_derived]
impl<'a> ::hdx_parser::Parse<'a> for Foo {
    fn parse(p: &mut ::hdx_parser::Parser<'a>) -> ::hdx_parser::Result<Self> {
        use ::hdx_parser::Parse;
        if p.peek::<::hdx_parser::T![Ident]>() {
            let c = p.peek_n(1);
            match p.parse_atom_lower(c) {
                ::hdx_atom::atom!("none") => {
                    return Ok(Self::None(p.parse::<::hdx_parser::T![Ident]>()?));
                }
                _ => {
                    return Ok(Self::CustomIdent(p.parse::<::hdx_parser::T![Ident]>()?));
                }
            }
        }
        let c: ::hdx_lexer::Cursor = p.parse::<::hdx_parser::T![Any]>()?.into();
        Err(::hdx_parser::diagnostics::Unexpected(c.into(), c.into()))?
    }
}
#[automatically_derived]
impl ::hdx_parser::ToCursors for Foo {
    fn to_cursors(&self, s: &mut impl ::hdx_parser::CursorSink) {
        match self {
            Self::None(inner) => {
                s.append(inner.into());
            }
            Self::CustomIdent(inner) => {
                ::hdx_parser::ToCursors::to_cursors(inner, s);
            }
        }
    }
}
