---
source: crates/hdx_proc_macro/src/test.rs
expression: pretty
---
#[derive(Debug, Clone, PartialEq, Eq, PartialOrd, Ord, Hash)]
#[cfg_attr(feature = "serde", derive(serde::Serialize), serde())]
enum Foo {
    None(::hdx_parser::T![Ident]),
    CalcSizeFunction(types::CalcSize),
}
#[automatically_derived]
impl<'a> ::hdx_parser::Peek<'a> for Foo {
    fn peek(p: &::hdx_parser::Parser<'a>) -> bool {
        use ::hdx_parser::Peek;
        p.peek::<::hdx_parser::T![Ident]>() || p.peek::<types::CalcSize>()
    }
}
#[automatically_derived]
impl<'a> ::hdx_parser::Parse<'a> for Foo {
    fn parse(p: &mut ::hdx_parser::Parser<'a>) -> ::hdx_parser::Result<Self> {
        use ::hdx_parser::Parse;
        if p.peek::<::hdx_parser::T![Ident]>() {
            let c = p.peek_n(1);
            match p.parse_atom_lower(c) {
                ::hdx_atom::atom!("none") => {
                    return Ok(Self::None(p.parse::<::hdx_parser::T![Ident]>()?));
                }
                atom => {}
            }
        }
        let val = p.parse::<types::CalcSize>()?;
        Ok(Self::CalcSizeFunction(val))
    }
}
#[automatically_derived]
impl ::hdx_parser::ToCursors for Foo {
    fn to_cursors(&self, s: &mut impl ::hdx_parser::CursorSink) {
        match self {
            Self::None(inner) => {
                s.append(inner.into());
            }
            Self::CalcSizeFunction(inner) => {
                ::hdx_parser::ToCursors::to_cursors(inner, s);
            }
        }
    }
}
