---
source: crates/hdx_ast/tests/basic_snapshots.rs
expression: result.output.unwrap()
---
{
  "type": "stylesheet",
  "rules": [
    {
      "type": "MediaRule",
      "at_keyword": {
        "kind": "AtKeyword",
        "offset": 0,
        "len": 6
      },
      "query": [
        {
          "precondition": null,
          "media_type": {
            "type": "All",
            "kind": "Ident",
            "offset": 7,
            "len": 6
          },
          "condition": null
        }
      ],
      "block": {
        "open": {
          "kind": "LeftCurly",
          "offset": 14,
          "len": 1
        },
        "rules": [
          {
            "type": "stylerule",
            "selectors": [
              {
                "components": [
                  {
                    "type": "tag",
                    "value": {
                      "Html": {
                        "Body": {
                          "kind": "Ident",
                          "offset": 17,
                          "len": 4
                        }
                      }
                    }
                  }
                ],
                "comma": null
              }
            ],
            "type": "style-declaration",
            "open": {
              "kind": "LeftCurly",
              "offset": 22,
              "len": 1
            },
            "declarations": [
              {
                "type": "property",
                "name": {
                  "kind": "Ident",
                  "offset": 26,
                  "len": 5
                },
                "colon": {
                  "kind": "Colon",
                  "offset": 31,
                  "len": 1
                },
                "value": {
                  "Named": {
                    "black": {
                      "kind": "Ident",
                      "offset": 33,
                      "len": 5
                    }
                  }
                },
                "important": null,
                "semicolon": null
              }
            ],
            "rules": [],
            "close": {
              "kind": "RightCurly",
              "offset": 40,
              "len": 1
            }
          }
        ],
        "close": {
          "kind": "RightCurly",
          "offset": 42,
          "len": 1
        }
      }
    }
  ]
}
