---
source: crates/hdx_ast/tests/postcss_snapshots.rs
expression: result.output.unwrap()
---
{
  "type": "stylesheet",
  "rules": [
    {
      "type": "PageRule",
      "at_keyword": {
        "kind": "AtKeyword",
        "offset": 0,
        "len": 5
      },
      "selectors": null,
      "block": {
        "type": "PageBlock",
        "open": {
          "kind": "LeftCurly",
          "offset": 5,
          "len": 1
        },
        "properties": [],
        "rules": [],
        "close": {
          "kind": "RightCurly",
          "offset": 7,
          "len": 1
        }
      }
    }
  ]
}
