---
source: crates/hdx_ast/tests/postcss_snapshots.rs
expression: result.output.unwrap()
---
{
  "type": "stylesheet",
  "rules": [
    {
      "type": "PageRule",
      "at_keyword": {
        "kind": "AtKeyword",
        "offset": 0,
        "len": 5
      },
      "selectors": [
        [
          {
            "type": "PageSelector",
            "page_type": null,
            "pseudos": [
              {
                "left": [
                  {
                    "kind": "Colon",
                    "offset": 6,
                    "len": 1
                  },
                  {
                    "kind": "Ident",
                    "offset": 7,
                    "len": 4
                  }
                ]
              }
            ]
          },
          null
        ]
      ],
      "block": {
        "type": "PageBlock",
        "open": {
          "kind": "LeftCurly",
          "offset": 12,
          "len": 1
        },
        "properties": [
          {
            "type": "property",
            "name": {
              "kind": "Ident",
              "offset": 18,
              "len": 10
            },
            "colon": {
              "kind": "Colon",
              "offset": 28,
              "len": 1
            },
            "value": {
              "values": [
                {
                  "kind": "Whitespace",
                  "offset": 29,
                  "len": 1
                },
                {
                  "kind": "Ident",
                  "offset": 30,
                  "len": 5
                }
              ]
            },
            "important": null,
            "semicolon": null
          }
        ],
        "rules": [],
        "close": {
          "kind": "RightCurly",
          "offset": 36,
          "len": 1
        }
      }
    }
  ]
}
